../Core/Src/main.c:139:13:DWT_Init	1
../Core/Src/main.c:145:6:HAL_GPIO_EXTI_Callback	4
../Core/Src/main.c:163:6:HAL_UART_RxCpltCallback	5
../Core/Src/main.c:199:6:Send_Telemetry	3
../Core/Src/main.c:232:5:main	4
../Core/Src/main.c:346:6:SystemClock_Config	3
../Core/Src/main.c:408:13:MX_ADC1_Init	11
../Core/Src/main.c:538:13:MX_TIM1_Init	6
../Core/Src/main.c:617:13:MX_USART1_UART_Init	2
../Core/Src/main.c:651:13:MX_DMA_Init	1
../Core/Src/main.c:669:13:MX_GPIO_Init	1
../Core/Src/main.c:714:6:Error_Handler	1
