../Core/Src/main.c:110:13:DWT_Init	4	static
../Core/Src/main.c:115:6:HAL_GPIO_EXTI_Callback	16	static
../Core/Src/main.c:130:6:HAL_UART_RxCpltCallback	32	static
../Core/Src/main.c:157:6:Send_Telemetry	328	static
../Core/Src/main.c:185:5:main	24	static
../Core/Src/main.c:305:6:SystemClock_Config	88	static
../Core/Src/main.c:351:13:MX_ADC1_Init	24	static
../Core/Src/main.c:484:13:MX_TIM1_Init	80	static
../Core/Src/main.c:553:13:MX_USART1_UART_Init	8	static
../Core/Src/main.c:584:13:MX_DMA_Init	16	static
../Core/Src/main.c:602:13:MX_GPIO_Init	48	static
../Core/Src/main.c:648:6:Error_Handler	4	static,ignoring_inline_asm
