../Core/Src/main.c:91:6:HAL_UART_RxCpltCallback	16	static
../Core/Src/main.c:114:5:main	16	static
../Core/Src/main.c:196:6:SystemClock_Config	88	static
../Core/Src/main.c:238:13:MX_ADC1_Init	24	static
../Core/Src/main.c:354:13:MX_TIM1_Init	80	static
../Core/Src/main.c:423:13:MX_TIM3_Init	48	static
../Core/Src/main.c:472:13:MX_USART1_UART_Init	8	static
../Core/Src/main.c:503:13:MX_DMA_Init	16	static
../Core/Src/main.c:521:13:MX_GPIO_Init	40	static
../Core/Src/main.c:555:6:Error_Handler	4	static,ignoring_inline_asm
