../Core/Src/main.c:110:13:DWT_Init	1
../Core/Src/main.c:115:6:HAL_GPIO_EXTI_Callback	4
../Core/Src/main.c:130:6:HAL_UART_RxCpltCallback	5
../Core/Src/main.c:157:6:Send_Telemetry	3
../Core/Src/main.c:185:5:main	5
../Core/Src/main.c:305:6:SystemClock_Config	3
../Core/Src/main.c:351:13:MX_ADC1_Init	12
../Core/Src/main.c:484:13:MX_TIM1_Init	6
../Core/Src/main.c:553:13:MX_USART1_UART_Init	2
../Core/Src/main.c:584:13:MX_DMA_Init	1
../Core/Src/main.c:602:13:MX_GPIO_Init	1
../Core/Src/main.c:648:6:Error_Handler	1
