11:20:36 **** Incremental Build of configuration Debug for project line_follower ****
make -j12 all 
arm-none-eabi-gcc "../Core/Src/motor.c" -mcpu=cortex-m4 -std=gnu11 -g3 -DDEBUG -DUSE_HAL_DRIVER -DSTM32F411xE -c -I../Core/Inc -I../Drivers/STM32F4xx_HAL_Driver/Inc -I../Drivers/STM32F4xx_HAL_Driver/Inc/Legacy -I../Drivers/CMSIS/Device/ST/STM32F4xx/Include -I../Drivers/CMSIS/Include -O0 -ffunction-sections -fdata-sections -Wall -fstack-usage -fcyclomatic-complexity -MMD -MP -MF"Core/Src/motor.d" -MT"Core/Src/motor.o" --specs=nano.specs -mfpu=fpv4-sp-d16 -mfloat-abi=hard -mthumb -o "Core/Src/motor.o"
arm-none-eabi-gcc -o "line_follower.elf" @"objects.list"   -mcpu=cortex-m4 -T"C:\Users\7_wick\flf_workspace\line_follower\STM32F411CEUX_FLASH.ld" --specs=nosys.specs -Wl,-Map="line_follower.map" -Wl,--gc-sections -static -u _scanf_float -u _printf_float --specs=nano.specs -mfpu=fpv4-sp-d16 -mfloat-abi=hard -mthumb -Wl,--start-group -lc -lm -Wl,--end-group
Finished building target: line_follower.elf
 
arm-none-eabi-size  line_follower.elf 
arm-none-eabi-objdump -h -S line_follower.elf  > "line_follower.list"
   text	   data	    bss	    dec	    hex	filename
  47356	    508	   2492	  50356	   c4b4	line_follower.elf
Finished building: default.size.stdout
 
Finished building: line_follower.list
 

11:20:40 Build Finished. 0 errors, 0 warnings. (took 3s.868ms)

